[lode88.ai/index.html]
[backblue.gif]
[fade.gif]
[index.html]
[l1.lode88.ai/static/assets/img/favicon.png]
[assets.vgjt.info/js/ft.js]
[lode88.ai/_nuxt/f66c829.js]
[lode88.ai/_nuxt/7552217.js]
[lode88.ai/_nuxt/a3ceae115819a5dcae80.vendors/app.css]
[lode88.ai/_nuxt/499312c.js]
[lode88.ai/_nuxt/a3ceae115819a5dcae80.app.css]
[lode88.ai/_nuxt/5d32e6d.js]
[lode88.ai/_nuxt/a3ceae115819a5dcae80.pages/index.css]
[lode88.ai/_nuxt/219a893.js]
[lode88.ai/_nuxt/41a7783.js]
[lode88.ai/_nuxt/a3ceae115819a5dcae80.vendors/pages/index.css]
[lode88.ai/_nuxt/b95fa75.js]
[lode88.ai/_nuxt/a3ceae115819a5dcae80.52.css]
[lode88.ai/_nuxt/bfd048b.js]
[lode88.ai/lo-de-mien-bac.html]
[lode88.ai/lo-de-mien-trung.html]
[lode88.ai/lo-de-mien-nam.html]
[lode88.ai/lo-de-sieu-toc.html]
[lode88.ai/quay-so-1.html]
[lode88.ai/quay-so-2.html]
[lode88.ai/quay-so-3.html]
[lode88.ai/numbergame.html]
[lode88.ai/numbergame2.html]
[l1.lode88.ai/static/assets/img/banner/trading/trading-banner.jpg]
[l1.lode88.ai/static/assets/img/lottery/banner-mien-nam.jpg]
[l1.lode88.ai/static/assets/img/lottery/banner-mien-trung.jpg]
[l1.lode88.ai/static/assets/img/lottery/banner-mien-bac.jpg]
[l1.lode88.ai/static/assets/img/no-data.png]
[l1.lode88.ai/static/assets/img/home/lottery.png]
[lode88.ai/_ipx/assets/img/home-top-game-card/tien-len-pc6bbe.webp]
[lode88.ai/_ipx/assets/img/home-top-game-card/mau-binh-pc6bbe.webp]
[lode88.ai/_ipx/assets/img/home-top-game-card/poker-pc6bbe.webp]
[lode88.ai/_ipx/assets/img/home-top-game-card/sam-pc6bbe.webp]
[lode88.ai/_ipx/assets/img/home-top-game-card/xoc-dia-pc6bbe.webp]
[lode88.ai/_ipx/assets/img/home-top-game-card/xi-to-pc6bbe.webp]
[lode88.ai/_ipx/assets/img/home-top-game-card/bau-cua-live-pc6bbe.webp]
[lode88.ai/_ipx/assets/img/home-top-game-card/xoc-dia-live-pc6bbe.webp]
[lode88.ai/assets/img/game-card/live-casino.svg]
[l1.lode88.ai/static/assets/img/home/providers/techplay-casino.png]
[l1.lode88.ai/static/assets/img/home/providers/ezugi.png]
[l1.lode88.ai/static/assets/img/home/providers/vivo.png]
[l1.lode88.ai/static/assets/img/home/providers/ebet.png]
[l1.lode88.ai/static/assets/img/home/providers/ksport.png]
[l1.lode88.ai/static/assets/img/home/providers/go-88.png]
[l1.lode88.ai/static/assets/img/home/providers/evolution.png]
[lode88.ai/tu-gioi-thieu.html]
[lode88.ai/lo-de-ba-mien.html]
[lode88.ai/sport.html]
[lode88.ai/games.html]
[lode88.ai/livecasino.html]
[lode88.ai/tin-tuc.html]
[lode88.ai/the-loai/khuyen-mai.html]
[lode88.ai/event.html]
[lode88.ai/huong-dan-danh-de.html]
[lode88.ai/the-loai/kinh-nghiem.html]
[lode88.ai/the-loai/soi-cau.html]
[lode88.ai/the-loai/giai-ma-giac-mo.html]
[lode88.ai/the-loai/meo-ca-do.html]
[lode88.ai/thong-ke.html]
[lode88.ai/index.html]
[lode88.ai/splashscreens/iphone5_splash.gif]
[lode88.ai/splashscreens/iphone6_splash.gif]
[lode88.ai/splashscreens/iphoneplus_splash.gif]
[lode88.ai/splashscreens/iphonex_splash.gif]
[lode88.ai/splashscreens/iphonexr_splash.gif]
[lode88.ai/splashscreens/iphonexsmax_splash.gif]
[lode88.ai/splashscreens/ipad_splash.gif]
[lode88.ai/splashscreens/ipadpro1_splash.gif]
[lode88.ai/splashscreens/ipadpro3_splash.gif]
[lode88.ai/splashscreens/ipadpro2_splash.gif]
[www.googletagmanager.com/gtm5445.html]
[lode88.ai/assets/js/library/jquery.min.js]
[lode88.ai/_nuxt/img/ajax-loader.fb6f3c2.gif]
[lode88.ai/_nuxt/fonts/slick.a4e97f5.eot]
[lode88.ai/_nuxt/fonts/slick.a4e97f5d41d.eot]
[lode88.ai/_nuxt/fonts/slick.2951837.woff]
[lode88.ai/_nuxt/fonts/slick.c94f767.ttf]
[lode88.ai/_nuxt/a3ceae115819a5dcae80.vendors/app.css]
[lode88.ai/_nuxt/img/slick.2630a3e.svg]
[lode88.ai/_nuxt/img/atm.00d2baa.svg]
[lode88.ai/_nuxt/img/banking.2267448.svg]
[lode88.ai/_nuxt/img/bank.59c8b2d.svg]
[lode88.ai/_nuxt/img/icon-wait.571b564.svg]
[lode88.ai/_nuxt/img/bg-button-2.19dc6d8.svg]
[lode88.ai/_nuxt/img/bg-button-3.99a1bb8.png]
[lode88.ai/_nuxt/img/bg-button-4.3627bb3.png]
[lode88.ai/_nuxt/img/bg-event.66e1309.png]
[lode88.ai/_nuxt/img/bg-tab-active.8afcb7b.svg]
[lode88.ai/_nuxt/img/bg-tab-active-50.677944f.svg]
[lode88.ai/_nuxt/img/bg-money.feb98e6.png]
[lode88.ai/_nuxt/img/minigame-baucua.d58955d.png]
[lode88.ai/_nuxt/img/ico-drag.ffc88ee.png]
[lode88.ai/_nuxt/img/arrow_live.c5f53d7.png]
[lode88.ai/_nuxt/img/background.977b96b.jpg]
[lode88.ai/assets/img/sport/background-rectangle.png]
[lode88.ai/_nuxt/img/stadium.ebbdeec.png]
[lode88.ai/assets/img/sport/background-rectangle-mobile.png]
[lode88.ai/_nuxt/img/bg-mb.b9c2c46.jpg]
[lode88.ai/_nuxt/img/stadium-mb.47166ba.png]
[lode88.ai/assets/img/tiLeKeo/loading.gif]
[lode88.ai/assets/img/tiLeKeo/football.png]
[lode88.ai/assets/img/tiLeKeo/backtop.png]
[lode88.ai/_nuxt/img/polygon.79d432c.png]
[lode88.ai/_nuxt/a3ceae115819a5dcae80.app.css]
[l1.lode88.ai/static/assets/img/banner/premier-league/banner-ngoaihanganh-lotte.png]
[lode88.ai/_nuxt/a3ceae115819a5dcae80.pages/index.css]
[lode88.ai/_nuxt/a3ceae115819a5dcae80.vendors/pages/index.css]
[lode88.ai/_nuxt/a3ceae115819a5dcae80.52.css]
[lode88.ai/_nuxt/a3ceae115819a5dcae80.pages/lo-de-mien-bac.css]
[lode88.ai/_nuxt/d612eaf.js]
[lode88.ai/_nuxt/8136916.js]
[lode88.ai/_nuxt/a3ceae115819a5dcae80.6.css]
[lode88.ai/_nuxt/cedb743.js]
[lode88.ai/_nuxt/a3ceae115819a5dcae80.2.css]
[lode88.ai/_nuxt/06f4d53.js]
[lode88.ai/_nuxt/a3ceae115819a5dcae80.5.css]
[lode88.ai/_nuxt/de24624.js]
[lode88.ai/lo-de-mien-bac.html]
[lode88.ai/404.html]
[lode88.ai/_nuxt/a3ceae115819a5dcae80.pages/lo-de-mien-trung.css]
[lode88.ai/lo-de-mien-trung.html]
[lode88.ai/_nuxt/59d39d3.js]
[lode88.ai/_nuxt/a3ceae115819a5dcae80.pages/lo-de-mien-nam.css]
[lode88.ai/lo-de-mien-nam.html]
[lode88.ai/_nuxt/d02138c.js]
[lode88.ai/_nuxt/f8bf2c9.js]
[l1.lode88.ai/static/assets/img/loading/bg-loading-lodea4f0.jpg]
[lode88.ai/lo-de-sieu-toc.html]
[lode88.ai/_nuxt/eb6fa30.js]
[l1.lode88.ai/static/assets/img/loading/bg-loading-lotterya4f0.jpg]
[lode88.ai/quay-so-1.html]
[lode88.ai/quay-so-2.html]
[lode88.ai/_nuxt/e2abe29.js]
[lode88.ai/quay-so-3.html]
[lode88.ai/_nuxt/85fea21.js]
[lode88.ai/_nuxt/7e6da3e.js]
[l1.lode88.ai/static/assets/img/loading/bg-loading-numbergamea4f0.jpg]
[lode88.ai/numbergame.html]
[lode88.ai/numbergame2.html]
[lode88.ai/assets/img/game-card/live-casino.svg]
[lode88.ai/_nuxt/7af0fbc.js]
[lode88.ai/_nuxt/a3ceae115819a5dcae80.pages/tu-gioi-thieu/index.css]
[lode88.ai/_nuxt/8a919b0.js]
[lode88.ai/trach-nhiem.html]
[lode88.ai/assets/img/gt1.png]
[lode88.ai/assets/img/gt2.png]
[lode88.ai/tu-gioi-thieu.html]
[lode88.ai/_nuxt/a3ceae115819a5dcae80.pages/lo-de-ba-mien/index.css]
[lode88.ai/_nuxt/416d219.js]
[lode88.ai/_nuxt/5e16ecd.js]
[lode88.ai/_nuxt/a3ceae115819a5dcae80.20.css]
[lode88.ai/_nuxt/1fc9620.js]
[lode88.ai/_nuxt/a3ceae115819a5dcae80.22.css]
[lode88.ai/_nuxt/6d36212.js]
[l1.lode88.ai/static/assets/img/lottery/banner-sieu-toc.jpg]
[lode88.ai/_nuxt/img/cup.47077e8.png]
[l1.lode88.ai/static/assets/img/home/khuyenmai-icon.png]
[lode88.ai/tang-50k-cho-tai-khoan-xac-minh-chinh-chu.html]
[l1.lode88.ai/static/assets/img/home/naptien-icon.png]
[lode88.ai/cach-nap-tien-codepay.html]
[l1.lode88.ai/static/assets/img/home/ruttien-icon.png]
[lode88.ai/cach-rut-tien.html]
[l1.lode88.ai/static/assets/img/home/danhde.png]
[lode88.ai/lo-de-ba-mien.html]
[lode88.ai/_nuxt/a3ceae115819a5dcae80.pages/sport.css]
[lode88.ai/_nuxt/3d0e682.js]
[l1.lode88.ai/static/assets/img/sport/team/asport.png]
[l1.lode88.ai/static/assets/img/sport/team/ksport.png]
[lode88.ai/sport.html]
[lode88.ai/_nuxt/ce06600.js]
[lode88.ai/_nuxt/a3ceae115819a5dcae80.10.css]
[lode88.ai/_nuxt/f4f987e.js]
[lode88.ai/_nuxt/a3ceae115819a5dcae80.55.css]
[lode88.ai/_nuxt/b4b9793.js]
[l1.lode88.ai/static/assets/img/loading.gif]
[lode88.ai/games.html]
[lode88.ai/_nuxt/a3ceae115819a5dcae80.pages/livecasino.css]
[lode88.ai/livecasino.html]
[lode88.ai/_nuxt/2486f83.js]
[lode88.ai/_nuxt/1e59490.js]
[lode88.ai/_nuxt/a3ceae115819a5dcae80.49.css]
[lode88.ai/_nuxt/087c464.js]
[lode88.ai/mo-thay-mat-cho-danh-con-gi-la-diem-gi-tot-hay-xau.html]
[lode88.ai/mo-thay-mat-dien-danh-con-gi-la-diem-gi-tot-hay-xau.html]
[lode88.ai/mo-thay-mat-nhan-vang-danh-con-gi-la-diem-gi-tot-hay-xau.html]
[lode88.ai/bi-kip-soi-cau-lo-kep-bang-giai-dac-biet-chuan-88.html]
[lode88.ai/bat-lo-roi-chuan-dua-vao-3-lan-de-gan-nhat-khong-co-lo-roi.html]
[lode88.ai/cach-bat-cau-bach-thu-lo-mien-bac-1-con-duy-nhat.html]
[lode88.ai/cach-bat-cau-lo-roi-lien-tuc-3-ngay-cuc-chinh-xac.html]
[lode88.ai/soi-cau-lo-roi-khong-ra-mot-tuan-kha-nang-thang-91.html]
[lode88.ai/keo-1x2-la-gi-kinh-nghiem-choi-keo-nha-cai-lode88.html]
[lode88.ai/keo-cuoc-co-hoi-kep-doulbe-chance-la-gi-kinh-nghiem-choi-keo-nha-cai-lode88.html]
[lode88.ai/keo-chan-le-tong-phat-goc-oddeven-corner-la-gi-kinh-nghiem-choi-keo-nha-cai-lode88.html]
[lode88.ai/keo-cuoc-ca-2-doi-co-ban-thang-la-gi-kinh-nghiem-choi-keo-nha-cai-lode88.html]
[lode88.ai/keo-cuoc-tai-xiu-the-do-ou-red-card-la-gi-kinh-nghiem-choi-keo-nha-cai-lode88.html]
[lode88.ai/the-loai/huong-dan.html]
[lode88.ai/the-loai/cach-nap-tien-.html]
[lode88.ai/the-loai/cach-rut-tien.html]
[lode88.ai/tin-tuc.html]
[lode88.ai/_nuxt/395e655.js]
[lode88.ai/_nuxt/a3ceae115819a5dcae80.53.css]
[lode88.ai/_nuxt/d50f7bd.js]
[lode88.ai/hoan-tra-vo-tan-10.html]
[lode88.ai/thuong-nap-100-len-den-8-trieu-dong.html]
[lode88.ai/thuong-nap-50-len-den-5-trieu-dong.html]
[lode88.ai/the-loai/2024.html]
[lode88.ai/the-loai/khuyen-mai.html]
[lode88.ai/the-loai/2023.html]
[lode88.ai/_nuxt/a3ceae115819a5dcae80.pages/event.css]
[lode88.ai/_nuxt/edae9aa.js]
[l1.lode88.ai/static/assets/img/banner/events/bg-lixi-2024.png]
[l1.lode88.ai/static/assets/img/banner/events/bg-wc-women.png]
[l1.lode88.ai/static/assets/img/banner/events/banner_duatop_304.png]
[l1.lode88.ai/static/assets/img/banner/events/banner_noel_2021.png]
[l1.lode88.ai/static/assets/img/banner/events/banner-euro-2.png]
[l1.lode88.ai/static/assets/img/banner/events/banner-euro-1.png]
[l1.lode88.ai/static/assets/img/banner/events/bg-noel.png]
[l1.lode88.ai/static/assets/img/banner/events/model/text-noel.png]
[l1.lode88.ai/static/assets/img/banner/events/background-ld-2.png]
[l1.lode88.ai/static/assets/img/banner/events/model/money-theme.png]
[lode88.ai/event.html]
[lode88.ai/_nuxt/a3ceae115819a5dcae80.pages/_.css]
[lode88.ai/_nuxt/196480f.js]
[lode88.ai/_nuxt/0f9c074.js]
[l2.lode88.ai/imgld-content/2023/12/lode88-1024x553.jpg]
[l2.lode88.ai/imgld-content/2023/12/lode88-2-1024x540.jpg]
[l2.lode88.ai/imgld-content/2023/12/lode-4-1024x526.jpg]
[l2.lode88.ai/imgld-content/2023/12/lode88-4-1024x527.jpg]
[l2.lode88.ai/imgld-content/2023/12/lode88-7-1024x554.jpg]
[l2.lode88.ai/imgld-content/2023/12/lode886-1024x521.jpg]
[lode88.ai/huong-dan-danh-de.html]
[lode88.ai/huong-dan-kiem-tra-ket-qua-quay-so-ngau-nhien-rng.html]
[lode88.ai/huong-dan-cai-dat-adobe-flash-player-tren-trinh-duyet-chrome-he-dieu-hanh-window-10.html]
[lode88.ai/42-khai-niem-ve-lo-de-chi-tiet-thuat-ngu-lo-de-hoc-a-den-z.html]
[lode88.ai/huong-dan-cach-danh-de-ty-le-thang-95.html]
[lode88.ai/the-loai/kinh-nghiem.html]
[lode88.ai/the-loai/2022.html]
[lode88.ai/soi-cau-lo-tam-giac-chuan-kha-nang-thang-88.html]
[lode88.ai/the-loai/soi-cau.html]
[lode88.ai/soi-cau-lo-kep-dua-vao-giai-7-chuan.html]
[lode88.ai/mo-thay-mat-do-danh-con-gi-la-diem-gi-tot-hay-xau.html]
[lode88.ai/mo-thay-nhat-duoc-nhieu-trung-danh-con-gi-la-diem-gi-tot-hay-xau.html]
[lode88.ai/mo-thay-nhat-duoc-tien-200-nghin-danh-con-gi-la-diem-gi-tot-hay-xau.html]
[lode88.ai/mo-thay-nuoc-danh-so-may-la-diem-gi-tot-hay-xau.html]
[lode88.ai/mo-thay-xe-thung-xam-danh-con-gi-la-diem-gi-tot-hay-xau.html]
[lode88.ai/the-loai/giai-ma-giac-mo.html]
[lode88.ai/mo-thay-o-truong-danh-so-may-la-diem-gi-tot-hay-xau.html]
[lode88.ai/keo-cuoc-chap-the-phat-keo-chau-a-la-gi-kinh-nghiem-choi-keo-nha-cai-lode88.html]
[lode88.ai/keo-cuoc-hoa-duoc-hoan-tien-draw-no-bet-la-gi-kinh-nghiem-choi-keo-nha-cai-lode88.html]
[lode88.ai/keo-cuoc-doi-vua-thang-vua-giu-sach-luoi-la-gi-kinh-nghiem-choi-keo-nha-cai-lode88.html]
[lode88.ai/the-loai/meo-ca-do.html]
[lode88.ai/keo-doi-thang-1-hiep-trong-tran-dau-la-gi-kinh-nghiem-choi-keo-nha-cai-lode88.html]
[lode88.ai/_nuxt/a3ceae115819a5dcae80.pages/thong-ke.css]
[lode88.ai/_nuxt/0270669.js]
[l1.lode88.ai/img/2023/05/24/Huong-dan-cach-soi-lo-kep-bang-giai-dac-biet1.jpg]
[l1.lode88.ai/img/2023/05/24/Bat-lo-roi-dua-tren-3-lan-de-gan-nhat-khong-co-lo-roi.jpg]
[l1.lode88.ai/img/2023/05/24/Bat-cau-bach-thu-lo-mien-bac-duy-nhat-mot-con.jpg]
[l1.lode88.ai/img/2023/05/24/Huong-dan-bat-lo-roi-lien-tuc-3-ngay-chinh-xac-nhat_(1).jpg]
[l1.lode88.ai/img/2023/05/24/Bat-lo-roi-da-khong-ra-mot-tuan-don-gian-hieu-qua-cao.jpg]
[lode88.ai/thong-ke.html]
[lode88.ai/_nuxt/img/slick.2630a3e.svg]
[lode88.ai/_nuxt/img/atm.00d2baa.svg]
[lode88.ai/_nuxt/img/banking.2267448.svg]
[lode88.ai/_nuxt/img/bank.59c8b2d.svg]
[lode88.ai/_nuxt/img/icon-wait.571b564.svg]
[lode88.ai/_nuxt/img/bg-button-2.19dc6d8.svg]
[lode88.ai/_nuxt/img/bg-tab-active.8afcb7b.svg]
[lode88.ai/_nuxt/img/bg-tab-active-50.677944f.svg]
[lode88.ai/_nuxt/a3ceae115819a5dcae80.pages/lo-de-mien-bac.css]
[lode88.ai/_nuxt/a3ceae115819a5dcae80.6.css]
[lode88.ai/_nuxt/a3ceae115819a5dcae80.2.css]
[lode88.ai/_nuxt/a3ceae115819a5dcae80.5.css]
[lode88.ai/_nuxt/img/calender.77afe8f.svg]
[lode88.ai/_nuxt/a3ceae115819a5dcae80.pages/404.css]
[lode88.ai/404.html]
[lode88.ai/_nuxt/a3ceae115819a5dcae80.pages/lo-de-mien-trung.css]
[lode88.ai/_nuxt/a3ceae115819a5dcae80.pages/lo-de-mien-nam.css]
[lode88.ai/_nuxt/a3ceae115819a5dcae80.pages/tu-gioi-thieu/index.css]
[lode88.ai/_nuxt/588d009.js]
[lode88.ai/_nuxt/a3ceae115819a5dcae80.pages/trach-nhiem/index.css]
[lode88.ai/_nuxt/6b5d09a.js]
[lode88.ai/trach-nhiem.html]
[lode88.ai/assets/img/lottery/bg-nam.jpg]
[lode88.ai/assets/img/lottery/bg-trung.jpg]
[lode88.ai/assets/img/lottery/bg-bac.jpg]
[lode88.ai/assets/img/lottery/bg-virtual.jpg]
[lode88.ai/_nuxt/img/bg.739d150.png]
[lode88.ai/_nuxt/a3ceae115819a5dcae80.pages/lo-de-ba-mien/index.css]
[lode88.ai/_nuxt/a3ceae115819a5dcae80.20.css]
[lode88.ai/_nuxt/a3ceae115819a5dcae80.22.css]
[l2.lode88.ai/imgld-content/2024/05/CTKM-04.01-Large.jpg]
[l2.lode88.ai/imgld-content/2024/05/CTKM-04.02-Large.jpg]
[l2.lode88.ai/imgld-content/2024/05/CTKM-04.03-Large.jpg]
[l2.lode88.ai/imgld-content/2024/05/CTKM-04.04.jpg]
[lode88.ai/tang-50k-cho-tai-khoan-xac-minh-chinh-chu.html]
[l2.lode88.ai/imgld-content/2024/05/NAP-TIEN-CODEPAY-01-Large.jpg]
[l2.lode88.ai/imgld-content/2024/05/CODEPAY-VCB-Large.jpg]
[l2.lode88.ai/imgld-content/2024/05/CODEPAY-VIETINBANK-Large.jpg]
[l2.lode88.ai/imgld-content/2024/05/CODEPAY-ACB-Large.jpg]
[l2.lode88.ai/imgld-content/2024/05/CODEPAY-DONGA-Large.jpg]
[l2.lode88.ai/imgld-content/2024/05/CODEPAY-SACOMBANK-Large.jpg]
[l2.lode88.ai/imgld-content/2024/05/CODEPAY-BIDV-Large.jpg]
[l2.lode88.ai/imgld-content/2024/05/CODEPAY-SHB-Large.jpg]
[lode88.ai/cach-nap-tien-thu-cong.html]
[lode88.ai/cach-nap-tien-codepay.html]
[l2.lode88.ai/imgld-content/2024/05/cach-rut-tien-lode.jpg]
[lode88.ai/cach-rut-tien.html]
[lode88.ai/_nuxt/a3ceae115819a5dcae80.pages/sport.css]
[lode88.ai/_nuxt/a3ceae115819a5dcae80.10.css]
[lode88.ai/_nuxt/a3ceae115819a5dcae80.55.css]
[lode88.ai/_nuxt/a3ceae115819a5dcae80.pages/livecasino.css]
[lode88.ai/_nuxt/a3ceae115819a5dcae80.49.css]
[l2.lode88.ai/imgld-content/2024/05/mo-thay-mat-cho-do-bi-trom.png]
[l2.lode88.ai/imgld-content/2024/05/mo-thay-mat-cho-nha.png]
[l2.lode88.ai/imgld-content/2024/05/mo-thay-mat-cho-danh-so-may.png]
[l2.lode88.ai/imgld-content/2024/05/mo-thay-mat-cho-la-diem-gi.png]
[lode88.ai/mo-thay-bat-duoc-chim-cu-gay-danh-con-gi-la-diem-gi-tot-hay-xau.html]
[lode88.ai/mo-thay-mat-cho-danh-con-gi-la-diem-gi-tot-hay-xau.html]
[l2.lode88.ai/imgld-content/2024/05/mo-thay-mat-dien-danh-so-may.png]
[l2.lode88.ai/imgld-content/2024/05/mo-thay-mat-dien-la-diem-gi.png]
[l2.lode88.ai/imgld-content/2024/05/mo-thay-mat-dien-danh-con-gi.png]
[lode88.ai/mo-thay-mat-dien-danh-con-gi-la-diem-gi-tot-hay-xau.html]
[l2.lode88.ai/imgld-content/2024/05/mo-thay-mat-nhan-vang-co-xui-khong.png]
[l2.lode88.ai/imgld-content/2024/05/mo-thay-mat-nhieu-nhan-vang.png]
[l2.lode88.ai/imgld-content/2024/05/mo-thay-mat-nhan-vang-danh-so-may.png]
[l2.lode88.ai/imgld-content/2024/05/mo-thay-mat-nhan-vang-la-diem-gi.png]
[lode88.ai/mo-thay-mat-nhan-vang-danh-con-gi-la-diem-gi-tot-hay-xau.html]
[l2.lode88.ai/imgld-content/2019/11/Huong-dan-cach-soi-lo-kep-bang-giai-dac-biet.jpg]
[l2.lode88.ai/imgld-content/2019/11/Huong-dan-cach-soi-lo-kep-bang-giai-dac-biet-2.jpg]
[l2.lode88.ai/imgld-content/2019/11/Huong-dan-cach-soi-lo-kep-bang-giai-dac-biet-3.jpg]
[lode88.ai/bi-kip-soi-cau-lo-kep-bang-giai-dac-biet-chuan-88.html]
[l2.lode88.ai/imgld-content/2019/11/Bat-lo-roi-dua-tren-3-lan-de-gan-nhat-khong-co-lo-roi.jpg]
[l2.lode88.ai/imgld-content/2019/11/Bat-lo-roi-dua-tren-3-lan-de-gan-nhat-khong-co-lo-roi-2.jpg]
[l2.lode88.ai/imgld-content/2019/11/Bat-lo-roi-dua-tren-3-lan-de-gan-nhat-khong-co-lo-roi-3.jpg]
[lode88.ai/bat-lo-roi-chuan-dua-vao-3-lan-de-gan-nhat-khong-co-lo-roi.html]
[l2.lode88.ai/imgld-content/2019/11/Bat-cau-bach-thu-lo-mien-bac-duy-nhat-mot-con.jpg]
[l2.lode88.ai/imgld-content/2019/11/Bat-cau-bach-thu-lo-mien-bac-duy-nhat-mot-con-2.jpg]
[l2.lode88.ai/imgld-content/2019/11/Bat-cau-bach-thu-lo-mien-bac-duy-nhat-mot-con-3.jpg]
[lode88.ai/cach-bat-cau-bach-thu-lo-mien-bac-1-con-duy-nhat.html]
[l2.lode88.ai/imgld-content/2019/11/Huong-dan-bat-lo-roi-lien-tuc-3-ngay-chinh-xac-nhat.jpg]
[l2.lode88.ai/imgld-content/2019/11/Huong-dan-bat-lo-roi-lien-tuc-3-ngay-chinh-xac-nhat-2.jpg]
[l2.lode88.ai/imgld-content/2019/11/Huong-dan-bat-lo-roi-lien-tuc-3-ngay-chinh-xac-nhat-3.jpg]
[lode88.ai/cach-bat-cau-lo-roi-lien-tuc-3-ngay-cuc-chinh-xac.html]
[l2.lode88.ai/imgld-content/2019/11/Bat-lo-roi-da-khong-ra-mot-tuan-don-gian-hieu-qua-cao.jpg]
[l2.lode88.ai/imgld-content/2019/11/Bat-lo-roi-da-khong-ra-mot-tuan-don-gian-hieu-qua-cao-2.jpg]
[l2.lode88.ai/imgld-content/2019/11/Bat-lo-roi-da-khong-ra-mot-tuan-don-gian-hieu-qua-cao-3.jpg]
[lode88.ai/soi-cau-lo-roi-khong-ra-mot-tuan-kha-nang-thang-91.html]
[l2.lode88.ai/imgld-content/2021/01/keo-cuoc-1-x-2-0-1.png]
[l2.lode88.ai/imgld-content/2021/01/keo-cuoc-1-x-2-1.png]
[l2.lode88.ai/imgld-content/2021/01/keo-cuoc-1-x-2-2.png]
[lode88.ai/keo-1x2-la-gi-kinh-nghiem-choi-keo-nha-cai-lode88.html]
[lode88.ai/keo-cuoc-doi-loi-nguoc-dong-la-gi-kinh-nghiem-choi-keo-nha-cai-lode88.html]
[l2.lode88.ai/imgld-content/2021/01/keo-cuoc-co-hoi-kep-double-chance-0.png]
[l2.lode88.ai/imgld-content/2021/01/keo-cuoc-co-hoi-kep-double-chance-1.png]
[l2.lode88.ai/imgld-content/2021/01/keo-cuoc-co-hoi-kep-double-chance-2.png]
[lode88.ai/keo-cuoc-co-hoi-kep-doulbe-chance-la-gi-kinh-nghiem-choi-keo-nha-cai-lode88.html]
[l2.lode88.ai/imgld-content/2021/01/keo-cuoc-chan-le-tong-phat-goc-0.png]
[l2.lode88.ai/imgld-content/2021/01/keo-cuoc-chan-le-tong-phat-goc-1.png]
[l2.lode88.ai/imgld-content/2021/01/keo-cuoc-chan-le-tong-phat-goc-2.png]
[lode88.ai/keo-chan-le-tong-phat-goc-oddeven-corner-la-gi-kinh-nghiem-choi-keo-nha-cai-lode88.html]
[l2.lode88.ai/imgld-content/2021/01/keo-cuoc-hai-doi-deu-co-ban-thang-0.jpg]
[l2.lode88.ai/imgld-content/2021/01/keo-cuoc-hai-doi-deu-co-ban-thang-1.jpg]
[l2.lode88.ai/imgld-content/2021/01/keo-cuoc-hai-doi-deu-co-ban-thang-2.jpg]
[lode88.ai/keo-cuoc-ca-2-doi-co-ban-thang-la-gi-kinh-nghiem-choi-keo-nha-cai-lode88.html]
[l2.lode88.ai/imgld-content/2020/12/keo-cuoc-tai-xiu-the-do-0.png]
[l2.lode88.ai/imgld-content/2020/12/keo-cuoc-tai-xiu-the-do-1.png]
[l2.lode88.ai/imgld-content/2020/12/keo-cuoc-tai-xiu-the-do-2.png]
[lode88.ai/keo-cuoc-tai-xiu-the-do-ou-red-card-la-gi-kinh-nghiem-choi-keo-nha-cai-lode88.html]
[lode88.ai/the-loai/huong-dan.html]
[lode88.ai/the-loai/cach-nap-tien-.html]
[lode88.ai/the-loai/cach-rut-tien.html]
[lode88.ai/_nuxt/a3ceae115819a5dcae80.53.css]
[l2.lode88.ai/imgld-content/2024/04/km-lode-06-1024x254.jpg]
[l2.lode88.ai/imgld-content/2024/05/NAP-THU-CONG-01-Large.jpg]
[l2.lode88.ai/imgld-content/2024/05/CTKM-01-Large.jpg]
[lode88.ai/hoan-tra-vo-tan-10.html]
[l2.lode88.ai/imgld-content/2024/04/km-lode-04-1024x254.jpg]
[l2.lode88.ai/imgld-content/2024/05/CTKM-02-Large.jpg]
[lode88.ai/thuong-nap-100-len-den-8-trieu-dong.html]
[l2.lode88.ai/imgld-content/2024/04/km-lode-01-1-1024x254.jpg]
[l2.lode88.ai/imgld-content/2024/05/CTKM-03-Large.jpg]
[lode88.ai/thuong-nap-50-len-den-5-trieu-dong.html]
[lode88.ai/the-loai/2024.html]
[lode88.ai/the-loai/2023.html]
[lode88.ai/_nuxt/a3ceae115819a5dcae80.pages/event.css]
[lode88.ai/_nuxt/a3ceae115819a5dcae80.pages/_.css]
[lode88.ai/the-loai/undefined.html]
[l2.lode88.ai/imgld-content/2020/04/lode88-md5.png]
[l2.lode88.ai/imgld-content/2020/04/lode88-md5-0.png]
[l2.lode88.ai/imgld-content/2020/04/lode88-md5-02.png]
[lode88.ai/huong-dan-kiem-tra-ket-qua-quay-so-ngau-nhien-rng.html]
[l2.lode88.ai/imgld-content/2020/10/flash-chrome-win-10-0.png]
[l2.lode88.ai/imgld-content/2020/10/flash-chrome-win-10-1.png]
[l2.lode88.ai/imgld-content/2020/10/flash-chrome-win-10-2.png]
[l2.lode88.ai/imgld-content/2020/10/flash-chrome-win-10-3.png]
[l2.lode88.ai/imgld-content/2020/10/flash-chrome-win-10-4.png]
[l2.lode88.ai/imgld-content/2020/10/flash-chrome-win-10-5.png]
[l2.lode88.ai/imgld-content/2020/10/flash-chrome-win-10-6.jpg]
[lode88.ai/huong-dan-cai-dat-adobe-flash-player-tren-trinh-duyet-chrome-he-dieu-hanh-window-10.html]
[l2.lode88.ai/imgld-content/2019/12/Thong-ke-va-giai-thich-cac-thuat-ngu-su-dung-trong-lo-de-1.jpg]
[l2.lode88.ai/imgld-content/2019/12/Thong-ke-va-giai-thich-cac-thuat-ngu-su-dung-trong-lo-de-2.jpg]
[l2.lode88.ai/imgld-content/2019/12/Thong-ke-va-giai-thich-cac-thuat-ngu-su-dung-trong-lo-de-3.jpg]
[l2.lode88.ai/imgld-content/2019/12/Thong-ke-va-giai-thich-cac-thuat-ngu-su-dung-trong-lo-de-4.jpg]
[l2.lode88.ai/imgld-content/2019/12/Thong-ke-va-giai-thich-cac-thuat-ngu-su-dung-trong-lo-de-5.jpg]
[l2.lode88.ai/imgld-content/2019/12/Thong-ke-va-giai-thich-cac-thuat-ngu-su-dung-trong-lo-de-6.jpg]
[l2.lode88.ai/imgld-content/2019/12/Thong-ke-va-giai-thich-cac-thuat-ngu-su-dung-trong-lo-de-7.jpg]
[l2.lode88.ai/imgld-content/2019/12/Thong-ke-va-giai-thich-cac-thuat-ngu-su-dung-trong-lo-de-8.jpg]
[l2.lode88.ai/imgld-content/2019/12/Thong-ke-va-giai-thich-cac-thuat-ngu-su-dung-trong-lo-de-10.jpg]
[l2.lode88.ai/imgld-content/2019/12/Thong-ke-va-giai-thich-cac-thuat-ngu-su-dung-trong-lo-de-11.jpg]
[l2.lode88.ai/imgld-content/2019/12/Thong-ke-va-giai-thich-cac-thuat-ngu-su-dung-trong-lo-de-12.jpg]
[l2.lode88.ai/imgld-content/2019/12/Thong-ke-va-giai-thich-cac-thuat-ngu-su-dung-trong-lo-de-13.jpg]
[l2.lode88.ai/imgld-content/2019/12/Thong-ke-va-giai-thich-cac-thuat-ngu-su-dung-trong-lo-de-14.jpg]
[l2.lode88.ai/imgld-content/2019/12/Thong-ke-va-giai-thich-cac-thuat-ngu-su-dung-trong-lo-de-15.jpg]
[l2.lode88.ai/imgld-content/2019/12/Thong-ke-va-giai-thich-cac-thuat-ngu-su-dung-trong-lo-de-16.jpg]
[l2.lode88.ai/imgld-content/2019/12/Thong-ke-va-giai-thich-cac-thuat-ngu-su-dung-trong-lo-de-17.jpg]
[l2.lode88.ai/imgld-content/2019/12/Thong-ke-va-giai-thich-cac-thuat-ngu-su-dung-trong-lo-de-18.jpg]
[l2.lode88.ai/imgld-content/2019/12/Thong-ke-va-giai-thich-cac-thuat-ngu-su-dung-trong-lo-de-20.jpg]
[l2.lode88.ai/imgld-content/2019/12/Thong-ke-va-giai-thich-cac-thuat-ngu-su-dung-trong-lo-de-21.jpg]
[l2.lode88.ai/imgld-content/2019/12/Thong-ke-va-giai-thich-cac-thuat-ngu-su-dung-trong-lo-de-22.jpg]
[l2.lode88.ai/imgld-content/2019/12/Thong-ke-va-giai-thich-cac-thuat-ngu-su-dung-trong-lo-de-23.jpg]
[l2.lode88.ai/imgld-content/2019/12/Thong-ke-va-giai-thich-cac-thuat-ngu-su-dung-trong-lo-de-24.jpg]
[l2.lode88.ai/imgld-content/2019/12/Thong-ke-va-giai-thich-cac-thuat-ngu-su-dung-trong-lo-de-25.jpg]
[l2.lode88.ai/imgld-content/2019/12/Thong-ke-va-giai-thich-cac-thuat-ngu-su-dung-trong-lo-de-26.jpg]
[l2.lode88.ai/imgld-content/2019/12/Thong-ke-va-giai-thich-cac-thuat-ngu-su-dung-trong-lo-de-27.jpg]
[l2.lode88.ai/imgld-content/2019/12/Thong-ke-va-giai-thich-cac-thuat-ngu-su-dung-trong-lo-de-28.jpg]
[l2.lode88.ai/imgld-content/2019/12/Thong-ke-va-giai-thich-cac-thuat-ngu-su-dung-trong-lo-de-29.jpg]
[l2.lode88.ai/imgld-content/2019/12/Thong-ke-va-giai-thich-cac-thuat-ngu-su-dung-trong-lo-de-31.jpg]
[l2.lode88.ai/imgld-content/2019/12/Thong-ke-va-giai-thich-cac-thuat-ngu-su-dung-trong-lo-de-32.jpg]
[l2.lode88.ai/imgld-content/2019/12/Thong-ke-va-giai-thich-cac-thuat-ngu-su-dung-trong-lo-de-33.jpg]
[l2.lode88.ai/imgld-content/2019/12/Thong-ke-va-giai-thich-cac-thuat-ngu-su-dung-trong-lo-de-35.jpg]
[l2.lode88.ai/imgld-content/2019/12/Thong-ke-va-giai-thich-cac-thuat-ngu-su-dung-trong-lo-de-36.jpg]
[l2.lode88.ai/imgld-content/2019/12/Thong-ke-va-giai-thich-cac-thuat-ngu-su-dung-trong-lo-de-37.jpg]
[l2.lode88.ai/imgld-content/2019/12/Thong-ke-va-giai-thich-cac-thuat-ngu-su-dung-trong-lo-de-38.jpg]
[l2.lode88.ai/imgld-content/2019/12/Thong-ke-va-giai-thich-cac-thuat-ngu-su-dung-trong-lo-de-39.jpg]
[l2.lode88.ai/imgld-content/2019/12/Thong-ke-va-giai-thich-cac-thuat-ngu-su-dung-trong-lo-de-40.jpg]
[l2.lode88.ai/imgld-content/2019/12/Thong-ke-va-giai-thich-cac-thuat-ngu-su-dung-trong-lo-de-41.jpg]
[lode88.ai/42-khai-niem-ve-lo-de-chi-tiet-thuat-ngu-lo-de-hoc-a-den-z.html]
[l2.lode88.ai/imgld-content/2016/11/huong-dan-danh-de-luon-thang-.jpg]
[lode88.ai/huong-dan-cach-danh-de-ty-le-thang-95.html]
[lode88.ai/the-loai/2022.html]
[l2.lode88.ai/imgld-content/2019/11/Soi-cau-lo-tam-giac-cuc-chuan-giup-de-dang-thang-lon-1.jpg]
[l2.lode88.ai/imgld-content/2019/11/Soi-cau-lo-tam-giac-cuc-chuan-giup-de-dang-thang-lon-2.jpg]
[l2.lode88.ai/imgld-content/2019/11/Soi-cau-lo-tam-giac-cuc-chuan-giup-de-dang-thang-lon-3.jpg]
[lode88.ai/soi-cau-lo-tam-giac-chuan-kha-nang-thang-88.html]
[l2.lode88.ai/imgld-content/2019/11/Cach-soi-lo-kep-o-giai-7-chinh-xac-nhat.jpg]
[l2.lode88.ai/imgld-content/2019/11/Cach-soi-lo-kep-o-giai-7-chinh-xac-nhat-2.jpg]
[l2.lode88.ai/imgld-content/2019/11/Cach-soi-lo-kep-o-giai-7-chinh-xac-nhat-3.jpg]
[lode88.ai/soi-cau-lo-kep-dua-vao-giai-7-chuan.html]
[l2.lode88.ai/imgld-content/2024/05/mo-thay-mat-do-danh-con-gi.png]
[l2.lode88.ai/imgld-content/2024/05/mo-thay-mat-do-la-diem-gi.png]
[l2.lode88.ai/imgld-content/2024/05/mo-thay-mat-do-quan-trong.png]
[l2.lode88.ai/imgld-content/2024/05/mo-thay-mat-do-danh-so-may.png]
[lode88.ai/mo-thay-mat-do-danh-con-gi-la-diem-gi-tot-hay-xau.html]
[l2.lode88.ai/imgld-content/2024/05/mo-thay-nhat-duoc-nhieu-trung-ga.png]
[l2.lode88.ai/imgld-content/2024/05/mo-thay-nhat-duoc-nhieu-trung-danh-so-may.png]
[l2.lode88.ai/imgld-content/2024/05/mo-thay-nhat-duoc-nhieu-trung-vit.png]
[l2.lode88.ai/imgld-content/2024/05/mo-thay-nhat-duoc-nhieu-trung-la-diem-gi.png]
[lode88.ai/mo-thay-nhat-duoc-nhieu-trung-danh-con-gi-la-diem-gi-tot-hay-xau.html]
[l2.lode88.ai/imgld-content/2024/05/nhat-duoc-tien-200-nghin-ngoai-duong.png]
[l2.lode88.ai/imgld-content/2024/05/nhat-duoc-tien-200-nghin-danh-so-may.png]
[l2.lode88.ai/imgld-content/2024/05/nhat-duoc-tien-200-nghin-la-diem-gi.png]
[l2.lode88.ai/imgld-content/2024/05/nhat-duoc-tien-200-nghin-danh-con-gi.png]
[lode88.ai/mo-thay-nhat-duoc-tien-200-nghin-danh-con-gi-la-diem-gi-tot-hay-xau.html]
[l2.lode88.ai/imgld-content/2024/05/nam-mo-thay-nuoc-ho.png]
[l2.lode88.ai/imgld-content/2024/05/mo-thay-nuoc-gieng.png]
[l2.lode88.ai/imgld-content/2024/05/mo-thay-nuoc-danh-so-may.png]
[l2.lode88.ai/imgld-content/2024/05/mo-thay-nuoc-la-diem-gi.png]
[lode88.ai/mo-thay-nuoc-danh-so-may-la-diem-gi-tot-hay-xau.html]
[l2.lode88.ai/imgld-content/2024/05/mo-thay-xe-may-thung-xam.png]
[l2.lode88.ai/imgld-content/2024/05/mo-thay-xe-thung-xam-co-sao-khong.png]
[l2.lode88.ai/imgld-content/2024/05/mo-thay-xe-thung-xam-la-diem-gi.png]
[lode88.ai/mo-thay-xe-thung-xam-danh-con-gi-la-diem-gi-tot-hay-xau.html]
[l2.lode88.ai/imgld-content/2024/05/mo-thay-coi-truong-la-diem-gi.png]
[l2.lode88.ai/imgld-content/2024/05/mo-thay-coi-truong-danh-con-gi.png]
[l2.lode88.ai/imgld-content/2024/05/mo-thay-coi-truong-danh-so-may.png]
[lode88.ai/mo-thay-o-truong-danh-so-may-la-diem-gi-tot-hay-xau.html]
[l2.lode88.ai/imgld-content/2020/12/keo-cuoc-the-phat-chau-A-0.png]
[l2.lode88.ai/imgld-content/2020/12/keo-cuoc-the-phat-chau-A-1.png]
[l2.lode88.ai/imgld-content/2020/12/keo-cuoc-the-phat-chau-A-2.png]
[lode88.ai/keo-cuoc-chap-the-phat-keo-chau-a-la-gi-kinh-nghiem-choi-keo-nha-cai-lode88.html]
[l2.lode88.ai/imgld-content/2020/12/keo-cuoc-hoa-duoc-hoan-tien-0.png]
[l2.lode88.ai/imgld-content/2020/12/keo-cuoc-hoa-duoc-hoan-tien-1.png]
[l2.lode88.ai/imgld-content/2020/12/keo-cuoc-hoa-duoc-hoan-tien-2.png]
[lode88.ai/keo-cuoc-hoa-duoc-hoan-tien-draw-no-bet-la-gi-kinh-nghiem-choi-keo-nha-cai-lode88.html]
[l2.lode88.ai/imgld-content/2020/12/keo-cuoc-doi-vua-thang-vua-giu-sach-luoi-0.png]
[l2.lode88.ai/imgld-content/2020/12/keo-cuoc-doi-vua-thang-vua-giu-sach-luoi-1.png]
[l2.lode88.ai/imgld-content/2020/12/keo-cuoc-doi-vua-thang-vua-giu-sach-luoi-2.png]
[lode88.ai/keo-cuoc-doi-vua-thang-vua-giu-sach-luoi-la-gi-kinh-nghiem-choi-keo-nha-cai-lode88.html]
[l2.lode88.ai/imgld-content/2020/12/keo-cuoc-doi-thang-1-hiep-0.png]
[l2.lode88.ai/imgld-content/2020/12/keo-cuoc-doi-thang-1-hiep-1.png]
[l2.lode88.ai/imgld-content/2020/12/keo-cuoc-doi-thang-1-hiep-2.png]
[lode88.ai/keo-doi-thang-1-hiep-trong-tran-dau-la-gi-kinh-nghiem-choi-keo-nha-cai-lode88.html]
[lode88.ai/_nuxt/a3ceae115819a5dcae80.pages/thong-ke.css]
[lode88.ai/_nuxt/img/calender.77afe8f.svg]
[lode88.ai/_nuxt/a3ceae115819a5dcae80.pages/404.css]
[lode88.ai/_nuxt/a3ceae115819a5dcae80.pages/trach-nhiem/index.css]
[l2.lode88.ai/imgld-content/2024/05/NAP-THU-CONG-02-Large-2.jpg]
[l2.lode88.ai/imgld-content/2024/05/NAP-THU-CONG-03-Large.jpg]
[lode88.ai/cach-nap-tien-thu-cong.html]
[l2.lode88.ai/imgld-content/2024/05/mo-thay-chim-cu-gay-danh-so-may.png]
[l2.lode88.ai/imgld-content/2024/05/mo-thay-bat-duoc-chim-cu-gay.png]
[l2.lode88.ai/imgld-content/2024/05/mo-thay-chim-cu-gay-co-bat-thuong-khong.png]
[l2.lode88.ai/imgld-content/2024/05/mo-thay-chim-cu-gay-la-diem-gi.png]
[lode88.ai/mo-thay-bat-duoc-chim-cu-gay-danh-con-gi-la-diem-gi-tot-hay-xau.html]
[l2.lode88.ai/imgld-content/2020/12/keo-doi-thang-loi-nguoc-dong-0.png]
[l2.lode88.ai/imgld-content/2020/12/keo-doi-thang-loi-nguoc-dong-1.png]
[l2.lode88.ai/imgld-content/2020/12/keo-doi-thang-loi-nguoc-dong-2.png]
[lode88.ai/keo-cuoc-doi-loi-nguoc-dong-la-gi-kinh-nghiem-choi-keo-nha-cai-lode88.html]
[lode88.ai/the-loai/undefined.html]
